04 Free Potatoes             standard        001 000.00
00 admin           AA 000100.00
