06 standard        FS 000123.45
00 standard        FS 000123.45
