02 s!a.da%d        FS 000000.00
02   [buyer]       BS 000000.00
02 ~seller         SS 000000.00
00 4dm1n           AA 000000.00
