03 standard event title      standard        003 004.00
00 standard        FS 000000.00
