04 Free Potatoes             standard        002 000.00
00 admin           AA 000100.00
