06 admin           AA 000500.00
00 admin           AA 000500.00
06 standard        FS 000500.00
00 standard        FS 000500.00
06 buyer           BS 000500.00
00 buyer           BS 000500.00
06 seller          SS 000500.00
00 seller          SS 000500.00
