04 Free Potatoes             standard        010 000.00
00 admin           AA 000100.00
04 Free Potatoes             standard        004 000.00
00 buyer           BS 000100.00
