04 Fancy Potatoes            standard        002 010.00
00 admin           AA 000080.00
