01 newseller       SS 000100.00
00 admin           AA 000000.00
00 standard        FS 000000.00
00 buyer           BS 000000.00
00 seller          SS 000000.00
