01 newbuyer1       BS 000100.00
00 admin           AA 000000.00
