01 newbuyer        BS 999999.00
00 admin           AA 000000.00
