01 newadmin        AA 000000.00
01 newstandard     FS 000000.00
01 newseller       SS 000000.00
01 newbuyer        BS 000000.00
00 admin           AA 000000.00
