05 buyer           seller          000010.00
00 admin           AA 000100.00
00 standard        FS 000100.00
00 buyer           BS 000100.00
00 seller          SS 000100.00
