03 placeholder event title   seller          001 007.78
03 placeholder event title2  seller          001 000.00
00 seller          SS 000000.00
