05 admin           seller          000020.00
00 admin           AA 000000.00
