A new event!              admin           055 001.23
END                                                 
