admin           AA 000000.00
standard        FS 000099.98
buyer           BS 070000.10
seller          SS 000470.37
this User is OG FS 123456.89
Nami            BS 800000.00
END                         
